// Jest Snapshot v1, https://goo.gl/fbAQLP

exports[`gqlize works with default options: defaults 1`] = `
"query me {
  me {
    email
    first
    id
    last
    password
    steps {
      data {
        assertText {
          expected
          id
          selector
        }
        assertVisibility {
          expected
          id
          selector
        }
        click {
          double
          id
          selector
        }
        go {
          id
          url
        }
        hover {
          duration
          id
          selector
        }
        id
        key {
          id
          key
        }
        set {
          id
          selector
          value
        }
      }
      id
      kind
      tests {
        id
        name
        tags {
          id
          name
        }
      }
    }
    tags {
      id
      name
      test {
        id
        name
        steps {
          data {
            id
          }
          id
          kind
        }
      }
    }
    tests {
      id
      name
      steps {
        data {
          assertText {
            expected
            id
            selector
          }
          assertVisibility {
            expected
            id
            selector
          }
          click {
            double
            id
            selector
          }
          go {
            id
            url
          }
          hover {
            duration
            id
            selector
          }
          id
          key {
            id
            key
          }
          set {
            id
            selector
            value
          }
        }
        id
        kind
      }
      tags {
        id
        name
      }
    }
  }
}
mutation createTest(
  $name: String!
  $steps: StepCreateWithoutTestsInput
  $tags: TagCreateWithoutTestInput
) {
  createTest(data: { name: $name, steps: $steps, tags: $tags }) {
    id
    name
    steps {
      data {
        assertText {
          expected
          id
          selector
        }
        assertVisibility {
          expected
          id
          selector
        }
        click {
          double
          id
          selector
        }
        go {
          id
          url
        }
        hover {
          duration
          id
          selector
        }
        id
        key {
          id
          key
        }
        set {
          id
          selector
          value
        }
      }
      id
      kind
      user {
        email
        first
        id
        last
        password
        tags {
          id
          name
        }
      }
    }
    tags {
      id
      name
      user {
        email
        first
        id
        last
        password
        steps {
          data {
            id
          }
          id
          kind
        }
      }
    }
    user {
      email
      first
      id
      last
      password
      steps {
        data {
          assertText {
            expected
            id
            selector
          }
          assertVisibility {
            expected
            id
            selector
          }
          click {
            double
            id
            selector
          }
          go {
            id
            url
          }
          hover {
            duration
            id
            selector
          }
          id
          key {
            id
            key
          }
          set {
            id
            selector
            value
          }
        }
        id
        kind
      }
      tags {
        id
        name
      }
    }
  }
}
mutation signIn($email: String!, $password: String!) {
  signIn(data: { email: $email, password: $password })
}
mutation signUp(
  $email: String!
  $first: String!
  $last: String!
  $password: String!
) {
  signUp(
    data: { email: $email, first: $first, last: $last, password: $password }
  )
}
"
`;
